"Blank"                 "================================"
"Blank"                 "Movement Options"
"Blank"                 "================================"
"+forward"              "Move forward"
"+back"                 "Move back"
"+left"                 "Turn left"
"+right"                "Turn right"
"+moveleft"             "Move left (strafe)"
"+moveright"            "Move right (strafe)"
"+jump"                 "Jump"
"+duck"                 "Duck"
"+moveup"               "Swim up"
"+movedown"             "Swim down"
"+lookup"               "Look up"
"+lookdown"             "Look down"
"centerview"            "Look straight ahead"
"+strafe"               "Strafe modifier"
"+mlook"                "Mouse look modifier"
"+klook"                "Keyboard look modifier"
"Blank"                 "================================"
"Blank"                 "Combat Options"
"Blank"                 "================================"
"+attack"               "Primary attack"
"+attack2"              "Secondary attack"
"+reload"               "Reload weapon"
"+use"                  "Use item (buttons, soldiers, ...)"
"+speed"                "Walk"
"impulse 100"           "Night Vision Goggles"
"slot1"                 "Weapon category 1"
"slot2"                 "Weapon category 2"
"slot3"                 "Weapon category 3"
"slot4"                 "Weapon category 4"
"slot5"                 "Weapon category 5"
"slot6"                 "Weapon category 6"
"invprev"               "Previous weapon"
"invnext"               "Next weapon"
"lastinv"               "Last used weapon"
"Blank"                 "================================"
"Blank"                 "Other Options"
"Blank"                 "================================"
"net_graph 3"           "Net Graph{Turn on}"
"net_graph 0"           "Net Graph{Turn Off}"
"impulse 101"           "Give all weapons."
"noclip"                "Toggle Noclip" 
"impulse 103"           "Show monster info"
"snapshot"              "Take screen shot"
"save quick"            "Quick save"
"load quick"            "Quick load"
"pause"                 "Pause game"
"quit"                  "Quit game"
